C:\Users\projy\Documents\Obsidian Vault\Research\atlas_anomaly_detection\utils\torch_utils.py:160: UserWarning: Converting a tensor with requires_grad=True to a scalar may lead to unexpected behavior.
Consider using tensor.detach() first. (Triggered internally at C:\actions-runner\_work\pytorch\pytorch\torch\csrc\autograd\generated\python_variable_methods.cpp:823.)
  total += float(loss) * len(xb); nb += len(xb)
C:\Users\projy\Documents\Obsidian Vault\Research\atlas_anomaly_detection\algorithms\unsupervised\transformer.py:62: UserWarning: enable_nested_tensor is True, but self.use_nested_tensor is False because encoder_layer.norm_first was True
  self.encoder = nn.TransformerEncoder(layer, num_layers=n_layers)
[main] dataset present -- skipping generation

======================================================================
[main] isolation_forest
======================================================================
[isolation_forest] rows=100,000  features=41

=== isolation_forest ===
  threshold : 0.5100
  accuracy  : 0.9659
  precision : 0.8051   recall: 0.4719   F1: 0.5951
  ROC-AUC   : 0.8538   PR-AUC: 0.5753   PA-F1: 0.8358
  TP=2504  FP=606  FN=2802  TN=94088
  train_time=2.36s  predict_time=1.06s
  figure -> figures/isolation_forest.png

======================================================================
[main] dbscan
======================================================================
[dbscan] rows=100,000  features=41
  eps=2.095  subsample DBSCAN: 5 clusters, 2.8% noise

=== dbscan ===
  threshold : 2.2566
  accuracy  : 0.9509
  precision : 0.5518   recall: 0.4016   F1: 0.4649
  ROC-AUC   : 0.7119   PR-AUC: 0.3151   PA-F1: 0.8598
  TP=2131  FP=1731  FN=3175  TN=92963
  train_time=2.54s  predict_time=3.48s
  figure -> figures/dbscan.png

======================================================================
[main] pca
======================================================================
[pca] rows=100,000  features=41
  explained variance (top 10): 0.882

=== pca ===
  threshold : 0.1923
  accuracy  : 0.9607
  precision : 0.7054   recall: 0.4467   F1: 0.5470
  ROC-AUC   : 0.7692   PR-AUC: 0.3715   PA-F1: 0.9147
  TP=2370  FP=990  FN=2936  TN=93704
  train_time=0.03s  predict_time=0.10s
  figure -> figures/pca.png

======================================================================
[main] kmeans
======================================================================
[kmeans] rows=100,000  features=41
  cluster sizes: [23721, 17161, 21754, 448, 1480, 11669, 13469, 10298]

=== kmeans ===
  threshold : 3.9142
  accuracy  : 0.9596
  precision : 0.6752   recall: 0.4595   F1: 0.5468
  ROC-AUC   : 0.8060   PR-AUC: 0.4111   PA-F1: 0.9005
  TP=2438  FP=1173  FN=2868  TN=93521
  train_time=0.24s  predict_time=0.08s
  figure -> figures/kmeans.png

======================================================================
[main] gmm
======================================================================
[gmm] rows=100,000  features=41
  converged=True  n_iter=9

=== gmm ===
  threshold : -12.3225
  accuracy  : 0.9705
  precision : 0.7557   recall: 0.6572   F1: 0.7030
  ROC-AUC   : 0.8388   PR-AUC: 0.5644   PA-F1: 0.8668
  TP=3487  FP=1127  FN=1819  TN=93567
  train_time=2.66s  predict_time=0.10s
  figure -> figures/gmm.png

======================================================================
[main] random_forest
======================================================================
[random_forest] train=60,000 test=40,000 features=41 pos_rate=6.57%

=== random_forest ===
  threshold : 0.2371
  accuracy  : 0.9703
  precision : 0.5655   recall: 0.5568   F1: 0.5611
  ROC-AUC   : 0.8652   PR-AUC: 0.5295   PA-F1: 0.6197
  TP=760  FP=584  FN=605  TN=38051
  train_time=19.27s  predict_time=0.37s
  figure -> figures/random_forest.png

======================================================================
[main] xgboost
======================================================================
[xgboost] train=60,000 test=40,000 features=41 scale_pos_weight=14.2

=== xgboost ===
  threshold : 0.1583
  accuracy  : 0.9746
  precision : 0.7335   recall: 0.3993   F1: 0.5171
  ROC-AUC   : 0.6646   PR-AUC: 0.4364   PA-F1: 0.7173
  TP=545  FP=198  FN=820  TN=38437
  train_time=9.46s  predict_time=0.26s
  figure -> figures/xgboost.png

======================================================================
[main] lightgbm
======================================================================
[lightgbm] train=60,000 test=40,000 features=41

=== lightgbm ===
  threshold : 0.4630
  accuracy  : 0.9783
  precision : 0.8879   recall: 0.4176   F1: 0.5680
  ROC-AUC   : 0.7564   PR-AUC: 0.4949   PA-F1: 0.7558
  TP=570  FP=72  FN=795  TN=38563
  train_time=11.68s  predict_time=1.39s
  figure -> figures/lightgbm.png

======================================================================
[main] catboost
======================================================================
[catboost] train=60,000 test=40,000 features=41

=== catboost ===
  threshold : 0.6781
  accuracy  : 0.9744
  precision : 0.8137   recall: 0.3231   F1: 0.4625
  ROC-AUC   : 0.6929   PR-AUC: 0.3965   PA-F1: 0.5026
  TP=441  FP=101  FN=924  TN=38534
  train_time=18.80s  predict_time=0.04s
  figure -> figures/catboost.png

======================================================================
[main] logistic_regression
======================================================================
[logistic_regression] train=60,000 test=40,000 features=41

=== logistic_regression ===
  threshold : 0.7432
  accuracy  : 0.9776
  precision : 0.8156   recall: 0.4440   F1: 0.5750
  ROC-AUC   : 0.7226   PR-AUC: 0.4350   PA-F1: 0.7368
  TP=606  FP=137  FN=759  TN=38498
  train_time=3.48s  predict_time=0.01s
  figure -> figures/logistic_regression.png

======================================================================
[main] svm
======================================================================
[svm] train(subsample)=8,000 test=40,000 features=41 pos=3941

=== svm ===
  threshold : 0.6888
  accuracy  : 0.9768
  precision : 0.9041   recall: 0.3590   F1: 0.5139
  ROC-AUC   : 0.6722   PR-AUC: 0.4202   PA-F1: 0.7668
  TP=490  FP=52  FN=875  TN=38583
  train_time=3.78s  predict_time=23.27s
  figure -> figures/svm.png

======================================================================
[main] autoencoder
======================================================================
[autoencoder] windows: train=32,960 all=98,840  input_dim=330
    epoch  1/8  loss=0.47916
    epoch  2/8  loss=0.31167
    epoch  3/8  loss=0.27902
    epoch  4/8  loss=0.26519
    epoch  5/8  loss=0.25122
    epoch  6/8  loss=0.24034
    epoch  7/8  loss=0.23031
    epoch  8/8  loss=0.22069

=== autoencoder ===
  threshold : 0.1711
  accuracy  : 0.9527
  precision : 0.5923   recall: 0.3472   F1: 0.4377
  ROC-AUC   : 0.7071   PR-AUC: 0.2457   PA-F1: 0.7496
  TP=1842  FP=1268  FN=3464  TN=93426
  train_time=13.80s  predict_time=0.51s
  figure -> figures/autoencoder.png

======================================================================
[main] lstm_unsupervised
======================================================================
[lstm_unsupervised] windows: train=24,720 all=98,840  n_features=11
    epoch  1/6  loss=0.64241
    epoch  2/6  loss=0.41666
    epoch  3/6  loss=0.38650
    epoch  4/6  loss=0.37140
    epoch  5/6  loss=0.35716
    epoch  6/6  loss=0.34335

=== lstm_unsupervised ===
  threshold : 0.2567
  accuracy  : 0.9536
  precision : 0.5918   recall: 0.4028   F1: 0.4793
  ROC-AUC   : 0.7866   PR-AUC: 0.3010   PA-F1: 0.7686
  TP=2137  FP=1474  FN=3169  TN=93220
  train_time=40.71s  predict_time=8.53s
  figure -> figures/lstm_unsupervised.png

======================================================================
[main] transformer
======================================================================
[transformer] windows: train=24,720 all=98,840  n_features=11
    epoch  1/6  loss=0.35513
    epoch  2/6  loss=0.14082
    epoch  3/6  loss=0.11043
    epoch  4/6  loss=0.09490
    epoch  5/6  loss=0.09558
    epoch  6/6  loss=0.08707

=== transformer ===
  threshold : 0.0261
  accuracy  : 0.9514
  precision : 0.5453   recall: 0.5000   F1: 0.5217
  ROC-AUC   : 0.8341   PR-AUC: 0.3704   PA-F1: 0.7131
  TP=2653  FP=2212  FN=2653  TN=92482
  train_time=169.97s  predict_time=14.52s
  figure -> figures/transformer.png

======================================================================
[main] vae
======================================================================
[vae] windows: train=32,960 all=98,840 input_dim=330
    epoch  1/8  elbo_loss=0.72889
    epoch  2/8  elbo_loss=0.55306
    epoch  3/8  elbo_loss=0.51819
    epoch  4/8  elbo_loss=0.48336
    epoch  5/8  elbo_loss=0.46883
    epoch  6/8  elbo_loss=0.46300
    epoch  7/8  elbo_loss=0.45773
    epoch  8/8  elbo_loss=0.45442

=== vae ===
  threshold : 0.3679
  accuracy  : 0.9543
  precision : 0.6098   recall: 0.3862   F1: 0.4729
  ROC-AUC   : 0.7992   PR-AUC: 0.3139   PA-F1: 0.7912
  TP=2049  FP=1311  FN=3257  TN=93383
  train_time=14.35s  predict_time=4.85s
  figure -> figures/vae.png

======================================================================
[main] usad
======================================================================
[usad] windows: train=32,960 all=98,840 input_dim=330
    epoch  1/12  loss1=61.17  loss2=61.40
    epoch  2/12  loss1=40.83  loss2=-0.40
    epoch  3/12  loss1=37.41  loss2=-12.80
    epoch  4/12  loss1=36.20  loss2=-18.37
    epoch  5/12  loss1=35.19  loss2=-21.35
    epoch  6/12  loss1=34.07  loss2=-22.94
    epoch  7/12  loss1=33.06  loss2=-23.83
    epoch  8/12  loss1=32.25  loss2=-24.41
    epoch  9/12  loss1=31.41  loss2=-24.64
    epoch 10/12  loss1=30.57  loss2=-24.63
    epoch 11/12  loss1=30.03  loss2=-24.74
    epoch 12/12  loss1=29.51  loss2=-24.77

=== usad ===
  threshold : 0.1718
  accuracy  : 0.9529
  precision : 0.5955   recall: 0.3490   F1: 0.4401
  ROC-AUC   : 0.7118   PR-AUC: 0.2448   PA-F1: 0.7503
  TP=1852  FP=1258  FN=3454  TN=93436
  train_time=51.16s  predict_time=0.90s
  figure -> figures/usad.png

======================================================================
[main] omnianomaly
======================================================================
[omnianomaly] windows: train=24,720 all=98,840  n_features=11
    epoch  1/6  elbo_loss=0.06801
    epoch  2/6  elbo_loss=-1.00053
    epoch  3/6  elbo_loss=-1.34914
    epoch  4/6  elbo_loss=-1.44446
    epoch  5/6  elbo_loss=-0.57141
    epoch  6/6  elbo_loss=-1.53338

=== omnianomaly ===
  threshold : -0.7701
  accuracy  : 0.9681
  precision : 0.8405   recall: 0.4926   F1: 0.6212
  ROC-AUC   : 0.8360   PR-AUC: 0.5960   PA-F1: 0.9287
  TP=2614  FP=496  FN=2692  TN=94198
  train_time=83.80s  predict_time=11.35s
  figure -> figures/omnianomaly.png

======================================================================
[main] gan
======================================================================
[gan] windows: train=32,960 all=98,840 input_dim=330
    epoch  1/15  loss_D=137.17 loss_G=97.41
    epoch  2/15  loss_D=103.29 loss_G=126.08
    epoch  3/15  loss_D=92.63 loss_G=164.30
    epoch  4/15  loss_D=113.20 loss_G=195.88
    epoch  5/15  loss_D=115.31 loss_G=199.82
    epoch  6/15  loss_D=112.64 loss_G=190.54
    epoch  7/15  loss_D=104.71 loss_G=184.92
    epoch  8/15  loss_D=100.15 loss_G=191.07
    epoch  9/15  loss_D=96.57 loss_G=194.92
    epoch 10/15  loss_D=104.14 loss_G=203.18
    epoch 11/15  loss_D=96.90 loss_G=217.89
    epoch 12/15  loss_D=97.51 loss_G=234.01
    epoch 13/15  loss_D=96.53 loss_G=219.65
    epoch 14/15  loss_D=98.40 loss_G=220.79
    epoch 15/15  loss_D=97.22 loss_G=218.14

=== gan ===
  threshold : 0.9812
  accuracy  : 0.9360
  precision : 0.3248   recall: 0.1904   F1: 0.2400
  ROC-AUC   : 0.5231   PR-AUC: 0.1280   PA-F1: 0.5728
  TP=1010  FP=2100  FN=4296  TN=92594
  train_time=27.00s  predict_time=0.63s
  figure -> figures/gan.png

[main] ran 18 model(s). Building comparison ...
              model       family  train_time_s  predict_time_s  rows_per_s  precision  recall     f1  roc_auc  pr_auc  pa_f1  threshold   fp   fn  peak_mem_mb
   isolation_forest unsupervised         2.358           1.065       93915     0.8051  0.4719 0.5951   0.8538  0.5753 0.8358     0.5100  606 2802          NaN
             dbscan unsupervised         2.541           3.476       28769     0.5518  0.4016 0.4649   0.7119  0.3151 0.8598     2.2566 1731 3175          NaN
                pca unsupervised         0.029           0.095     1050707     0.7054  0.4467 0.5470   0.7692  0.3715 0.9147     0.1923  990 2936          NaN
             kmeans unsupervised         0.239           0.085     1182163     0.6752  0.4595 0.5468   0.8060  0.4111 0.9005     3.9142 1173 2868          NaN
                gmm unsupervised         2.660           0.097     1029441     0.7557  0.6572 0.7030   0.8388  0.5644 0.8668   -12.3225 1127 1819          NaN
      random_forest   supervised        19.275           0.372      107595     0.5655  0.5568 0.5611   0.8652  0.5295 0.6197     0.2371  584  605          NaN
            xgboost   supervised         9.456           0.261      153341     0.7335  0.3993 0.5171   0.6646  0.4364 0.7173     0.1583  198  820          NaN
           lightgbm   supervised        11.684           1.387       28849     0.8879  0.4176 0.5680   0.7564  0.4949 0.7558     0.4630   72  795          NaN
           catboost   supervised        18.803           0.042      952290     0.8137  0.3231 0.4625   0.6929  0.3965 0.5026     0.6781  101  924          NaN
logistic_regression   supervised         3.476           0.005     7325202     0.8156  0.4440 0.5750   0.7226  0.4350 0.7368     0.7432  137  759          NaN
                svm   supervised         3.777          23.265        1719     0.9041  0.3590 0.5139   0.6722  0.4202 0.7668     0.6888   52  875          NaN
        autoencoder unsupervised        13.804           0.512      195421     0.5923  0.3472 0.4377   0.7071  0.2457 0.7496     0.1711 1268 3464          NaN
  lstm_unsupervised unsupervised        40.712           8.532       11720     0.5918  0.4028 0.4793   0.7866  0.3010 0.7686     0.2567 1474 3169          NaN
        transformer unsupervised       169.973          14.519        6887     0.5453  0.5000 0.5217   0.8341  0.3704 0.7131     0.0261 2212 2653          NaN
                vae unsupervised        14.354           4.850       20617     0.6098  0.3862 0.4729   0.7992  0.3139 0.7912     0.3679 1311 3257          NaN
               usad unsupervised        51.164           0.904      110573     0.5955  0.3490 0.4401   0.7118  0.2448 0.7503     0.1718 1258 3454          NaN
        omnianomaly unsupervised        83.805          11.350        8810     0.8405  0.4926 0.6212   0.8360  0.5960 0.9287    -0.7701  496 2692          NaN
                gan unsupervised        26.999           0.627      159525     0.3248  0.1904 0.2400   0.5231  0.1280 0.5728     0.9812 2100 4296          NaN
